Archive member included to satisfy reference by file (symbol)

c:/program files (x86)/atmel/studio/7.0/toolchain/avr8/avr8-gnu-toolchain/bin/../lib/gcc/avr/4.9.2/../../../../avr/lib/avrxmega2\libm.a(addsf3.o)
                              src/RF_SX1276/sx1276-LoRa.o (__addsf3)
c:/program files (x86)/atmel/studio/7.0/toolchain/avr8/avr8-gnu-toolchain/bin/../lib/gcc/avr/4.9.2/../../../../avr/lib/avrxmega2\libm.a(addsf3x.o)
                              c:/program files (x86)/atmel/studio/7.0/toolchain/avr8/avr8-gnu-toolchain/bin/../lib/gcc/avr/4.9.2/../../../../avr/lib/avrxmega2\libm.a(addsf3.o) (__addsf3x)
c:/program files (x86)/atmel/studio/7.0/toolchain/avr8/avr8-gnu-toolchain/bin/../lib/gcc/avr/4.9.2/../../../../avr/lib/avrxmega2\libm.a(divsf3.o)
                              src/RF_SX1276/sx1276-Fchp.o (__divsf3)
c:/program files (x86)/atmel/studio/7.0/toolchain/avr8/avr8-gnu-toolchain/bin/../lib/gcc/avr/4.9.2/../../../../avr/lib/avrxmega2\libm.a(divsf3x.o)
                              c:/program files (x86)/atmel/studio/7.0/toolchain/avr8/avr8-gnu-toolchain/bin/../lib/gcc/avr/4.9.2/../../../../avr/lib/avrxmega2\libm.a(divsf3.o) (__divsf3x)
c:/program files (x86)/atmel/studio/7.0/toolchain/avr8/avr8-gnu-toolchain/bin/../lib/gcc/avr/4.9.2/../../../../avr/lib/avrxmega2\libm.a(fixunssfsi.o)
                              src/RF_SX1276/sx1276-Fchp.o (__fixunssfsi)
c:/program files (x86)/atmel/studio/7.0/toolchain/avr8/avr8-gnu-toolchain/bin/../lib/gcc/avr/4.9.2/../../../../avr/lib/avrxmega2\libm.a(floatsisf.o)
                              src/RF_SX1276/sx1276-Fchp.o (__floatunsisf)
c:/program files (x86)/atmel/studio/7.0/toolchain/avr8/avr8-gnu-toolchain/bin/../lib/gcc/avr/4.9.2/../../../../avr/lib/avrxmega2\libm.a(fp_inf.o)
                              c:/program files (x86)/atmel/studio/7.0/toolchain/avr8/avr8-gnu-toolchain/bin/../lib/gcc/avr/4.9.2/../../../../avr/lib/avrxmega2\libm.a(addsf3x.o) (__fp_inf)
c:/program files (x86)/atmel/studio/7.0/toolchain/avr8/avr8-gnu-toolchain/bin/../lib/gcc/avr/4.9.2/../../../../avr/lib/avrxmega2\libm.a(fp_nan.o)
                              c:/program files (x86)/atmel/studio/7.0/toolchain/avr8/avr8-gnu-toolchain/bin/../lib/gcc/avr/4.9.2/../../../../avr/lib/avrxmega2\libm.a(addsf3x.o) (__fp_nan)
c:/program files (x86)/atmel/studio/7.0/toolchain/avr8/avr8-gnu-toolchain/bin/../lib/gcc/avr/4.9.2/../../../../avr/lib/avrxmega2\libm.a(fp_pscA.o)
                              c:/program files (x86)/atmel/studio/7.0/toolchain/avr8/avr8-gnu-toolchain/bin/../lib/gcc/avr/4.9.2/../../../../avr/lib/avrxmega2\libm.a(addsf3x.o) (__fp_pscA)
c:/program files (x86)/atmel/studio/7.0/toolchain/avr8/avr8-gnu-toolchain/bin/../lib/gcc/avr/4.9.2/../../../../avr/lib/avrxmega2\libm.a(fp_pscB.o)
                              c:/program files (x86)/atmel/studio/7.0/toolchain/avr8/avr8-gnu-toolchain/bin/../lib/gcc/avr/4.9.2/../../../../avr/lib/avrxmega2\libm.a(addsf3x.o) (__fp_pscB)
c:/program files (x86)/atmel/studio/7.0/toolchain/avr8/avr8-gnu-toolchain/bin/../lib/gcc/avr/4.9.2/../../../../avr/lib/avrxmega2\libm.a(fp_round.o)
                              c:/program files (x86)/atmel/studio/7.0/toolchain/avr8/avr8-gnu-toolchain/bin/../lib/gcc/avr/4.9.2/../../../../avr/lib/avrxmega2\libm.a(addsf3.o) (__fp_round)
c:/program files (x86)/atmel/studio/7.0/toolchain/avr8/avr8-gnu-toolchain/bin/../lib/gcc/avr/4.9.2/../../../../avr/lib/avrxmega2\libm.a(fp_split3.o)
                              c:/program files (x86)/atmel/studio/7.0/toolchain/avr8/avr8-gnu-toolchain/bin/../lib/gcc/avr/4.9.2/../../../../avr/lib/avrxmega2\libm.a(addsf3x.o) (__fp_split3)
c:/program files (x86)/atmel/studio/7.0/toolchain/avr8/avr8-gnu-toolchain/bin/../lib/gcc/avr/4.9.2/../../../../avr/lib/avrxmega2\libm.a(fp_zero.o)
                              c:/program files (x86)/atmel/studio/7.0/toolchain/avr8/avr8-gnu-toolchain/bin/../lib/gcc/avr/4.9.2/../../../../avr/lib/avrxmega2\libm.a(addsf3x.o) (__fp_zero)
c:/program files (x86)/atmel/studio/7.0/toolchain/avr8/avr8-gnu-toolchain/bin/../lib/gcc/avr/4.9.2/avrxmega2\libgcc.a(_udivmodsi4.o)
                              src/ASF/xmega/drivers/usart/usart.o (__udivmodsi4)
c:/program files (x86)/atmel/studio/7.0/toolchain/avr8/avr8-gnu-toolchain/bin/../lib/gcc/avr/4.9.2/avrxmega2\libgcc.a(_exit.o)
                              C:/Program Files (x86)/Atmel/Studio/7.0/Packs/atmel/XMEGAE_DFP/1.0.30/gcc/dev/atxmega32e5/avrxmega2/crtatxmega32e5.o (exit)
c:/program files (x86)/atmel/studio/7.0/toolchain/avr8/avr8-gnu-toolchain/bin/../lib/gcc/avr/4.9.2/avrxmega2\libgcc.a(_copy_data.o)
                              src/RF_SX1276/RF_Task.o (__do_copy_data)
c:/program files (x86)/atmel/studio/7.0/toolchain/avr8/avr8-gnu-toolchain/bin/../lib/gcc/avr/4.9.2/avrxmega2\libgcc.a(_clear_bss.o)
                              src/ASF/xmega/drivers/tc45/tc45.o (__do_clear_bss)
[...]
Memory Configuration

Name             Origin             Length             Attributes
text             0x00000000         0x00100000         xr
data             0x00802000         0x0000ffa0         rw !x
eeprom           0x00810000         0x00010000         rw !x
fuse             0x00820000         0x00000400         rw !x
lock             0x00830000         0x00000400         rw !x
signature        0x00840000         0x00000400         rw !x
user_signatures  0x00850000         0x00000400         rw !x
*default*        0x00000000         0xffffffff

Linker script and memory map

LOAD C:/Program Files (x86)/Atmel/Studio/7.0/Packs/atmel/XMEGAE_DFP/1.0.30/gcc/dev/atxmega32e5/avrxmega2/crtatxmega32e5.o
LOAD src/ASF/xmega/drivers/tc45/tc45.o
LOAD src/ASF/xmega/drivers/usart/usart.o
LOAD src/ASF/xmega/drivers/xcl/xcl.o
LOAD src/TaskSystem.o
LOAD src/ASF/common/services/serial/usart_serial.o
LOAD src/RF_SX1276/RF_Task.o
LOAD src/RF_SX1276/sx1276-Fchp.o
LOAD src/RF_SX1276/sx1276-Hal.o
LOAD src/RF_SX1276/sx1276-LoRa.o
LOAD src/RF_SX1276/sx1276.o
LOAD src/ASF/common/services/spi/xmega_spi/spi_master.o
LOAD src/ASF/xmega/drivers/adc/adc.o
LOAD src/ASF/xmega/drivers/adc/xmega_e/adc_e.o
LOAD src/ASF/common/services/sleepmgr/xmega/sleepmgr.o
LOAD src/ASF/common/services/ioport/xmega/ioport_compat.o
LOAD src/ASF/common/services/clock/xmega/sysclk.o
LOAD src/ASF/xmega/drivers/nvm/nvm.o
LOAD src/ASF/xmega/drivers/spi/spi.o
LOAD src/ASF/xmega/drivers/nvm/nvm_asm.o
LOAD src/ASF/xmega/drivers/cpu/ccp.o
LOAD src/ASF/common/boards/user_board/init.o
LOAD src/main.o
START GROUP
LOAD c:/program files (x86)/atmel/studio/7.0/toolchain/avr8/avr8-gnu-toolchain/bin/../lib/gcc/avr/4.9.2/../../../../avr/lib/avrxmega2\libm.a
END GROUP
START GROUP
LOAD c:/program files (x86)/atmel/studio/7.0/toolchain/avr8/avr8-gnu-toolchain/bin/../lib/gcc/avr/4.9.2/avrxmega2\libgcc.a
LOAD c:/program files (x86)/atmel/studio/7.0/toolchain/avr8/avr8-gnu-toolchain/bin/../lib/gcc/avr/4.9.2/../../../../avr/lib/avrxmega2\libm.a
LOAD c:/program files (x86)/atmel/studio/7.0/toolchain/avr8/avr8-gnu-toolchain/bin/../lib/gcc/avr/4.9.2/../../../../avr/lib/avrxmega2\libc.a
LOAD C:/Program Files (x86)/Atmel/Studio/7.0/Packs/atmel/XMEGAE_DFP/1.0.30/gcc/dev/atxmega32e5/avrxmega2\libatxmega32e5.a
END GROUP

.hash
 *(.hash)

.dynsym
 *(.dynsym)

.dynstr
 *(.dynstr)

.gnu.version
 *(.gnu.version)

.gnu.version_d
 *(.gnu.version_d)

.gnu.version_r
 *(.gnu.version_r)

.rel.init
 *(.rel.init)

.rela.init
 *(.rela.init)

.rel.text
 *(.rel.text)
 *(.rel.text.*)
 *(.rel.gnu.linkonce.t*)

.rela.text
 *(.rela.text)
 *(.rela.text.*)
 *(.rela.gnu.linkonce.t*)

.rel.fini
 *(.rel.fini)

.rela.fini
 *(.rela.fini)

.rel.rodata
 *(.rel.rodata)
 *(.rel.rodata.*)
 *(.rel.gnu.linkonce.r*)

.rela.rodata
 *(.rela.rodata)
 *(.rela.rodata.*)
 *(.rela.gnu.linkonce.r*)

.rel.data
 *(.rel.data)
 *(.rel.data.*)
 *(.rel.gnu.linkonce.d*)

.rela.data
 *(.rela.data)
 *(.rela.data.*)
 *(.rela.gnu.linkonce.d*)

.rel.ctors
 *(.rel.ctors)

.rela.ctors
 *(.rela.ctors)

.rel.dtors
 *(.rel.dtors)

.rela.dtors
 *(.rela.dtors)

.rel.got
 *(.rel.got)

.rela.got
 *(.rela.got)

.rel.bss
 *(.rel.bss)

.rela.bss
 *(.rela.bss)

.rel.plt
 *(.rel.plt)

.rela.plt
 *(.rela.plt)

.text           0x00000000     0x1aa2
 *(.vectors)
 .vectors       0x00000000       0xac C:/Program Files (x86)/Atmel/Studio/7.0/Packs/atmel/XMEGAE_DFP/1.0.30/gcc/dev/atxmega32e5/avrxmega2/crtatxmega32e5.o
                0x00000000                __vector_default
                0x00000000                __vectors
 *(.vectors)
 *(.progmem.gcc*)
                0x000000ac                . = ALIGN (0x2)
                0x000000ac                __trampolines_start = .
 *(.trampolines)
 .trampolines   0x000000ac        0x0 linker stubs
 *(.trampolines*)
                0x000000ac                __trampolines_end = .
 *(.progmem*)
                0x000000ac                . = ALIGN (0x2)
 *(.jumptables)
 *(.jumptables*)
 *(.lowtext)
 *(.lowtext*)
                0x000000ac                __ctors_start = .
 *(.ctors)
                0x000000ac                __ctors_end = .
                0x000000ac                __dtors_start = .
 *(.dtors)
                0x000000ac                __dtors_end = .
 SORT(*)(.ctors)
 SORT(*)(.dtors)
 *(.init0)
 .init0         0x000000ac        0x0 C:/Program Files (x86)/Atmel/Studio/7.0/Packs/atmel/XMEGAE_DFP/1.0.30/gcc/dev/atxmega32e5/avrxmega2/crtatxmega32e5.o
                0x000000ac                __init
 *(.init0)
 *(.init1)
 *(.init1)
 *(.init2)
 .init2         0x000000ac        0xc C:/Program Files (x86)/Atmel/Studio/7.0/Packs/atmel/XMEGAE_DFP/1.0.30/gcc/dev/atxmega32e5/avrxmega2/crtatxmega32e5.o
 *(.init2)
 *(.init3)
 *(.init3)
 *(.init4)
 .init4         0x000000b8       0x16 c:/program files (x86)/atmel/studio/7.0/toolchain/avr8/avr8-gnu-toolchain/bin/../lib/gcc/avr/4.9.2/avrxmega2\libgcc.a(_copy_data.o)
                0x000000b8                __do_copy_data
 .init4         0x000000ce       0x10 c:/program files (x86)/atmel/studio/7.0/toolchain/avr8/avr8-gnu-toolchain/bin/../lib/gcc/avr/4.9.2/avrxmega2\libgcc.a(_clear_bss.o)
                0x000000ce                __do_clear_bss
 *(.init4)
 *(.init5)
 *(.init5)
 *(.init6)
 *(.init6)
 *(.init7)
 *(.init7)
 *(.init8)
 *(.init8)
 *(.init9)
 .init9         0x000000de        0x8 C:/Program Files (x86)/Atmel/Studio/7.0/Packs/atmel/XMEGAE_DFP/1.0.30/gcc/dev/atxmega32e5/avrxmega2/crtatxmega32e5.o
 *(.init9)
 *(.text)
 .text          0x000000e6        0x2 C:/Program Files (x86)/Atmel/Studio/7.0/Packs/atmel/XMEGAE_DFP/1.0.30/gcc/dev/atxmega32e5/avrxmega2/crtatxmega32e5.o
                0x000000e6                __vector_22
                0x000000e6                __vector_1
                0x000000e6                __vector_32
                0x000000e6                __vector_24
                0x000000e6                __bad_interrupt
                0x000000e6                __vector_6
                0x000000e6                __vector_31
                0x000000e6                __vector_35
                0x000000e6                __vector_3
                0x000000e6                __vector_23
                0x000000e6                __vector_30
                0x000000e6                __vector_25
                0x000000e6                __vector_11
                0x000000e6                __vector_7
                0x000000e6                __vector_41
                0x000000e6                __vector_27
                0x000000e6                __vector_5
                0x000000e6                __vector_33
                0x000000e6                __vector_4
                0x000000e6                __vector_2
                0x000000e6                __vector_40
                0x000000e6                __vector_8
                0x000000e6                __vector_26
                0x000000e6                __vector_10
                0x000000e6                __vector_42
                0x000000e8                . = ALIGN (0x2)
 *(.text.*)
 .text.__vector_12
                0x000000e8       0x52 src/ASF/xmega/drivers/tc45/tc45.o
                0x000000e8                __vector_12
 .text.__vector_13
                0x0000013a       0x52 src/ASF/xmega/drivers/tc45/tc45.o
                0x0000013a                __vector_13
 .text.__vector_14
                0x0000018c       0x52 src/ASF/xmega/drivers/tc45/tc45.o
                0x0000018c                __vector_14
 .text.__vector_15
                0x000001de       0x52 src/ASF/xmega/drivers/tc45/tc45.o
                0x000001de                __vector_15
 .text.__vector_16
                0x00000230       0x52 src/ASF/xmega/drivers/tc45/tc45.o
                0x00000230                __vector_16
 .text.__vector_17
                0x00000282       0x52 src/ASF/xmega/drivers/tc45/tc45.o
                0x00000282                __vector_17
 .text.__vector_18
                0x000002d4       0x52 src/ASF/xmega/drivers/tc45/tc45.o
                0x000002d4                __vector_18
 .text.__vector_19
                0x00000326       0x52 src/ASF/xmega/drivers/tc45/tc45.o
                0x00000326                __vector_19
 .text.__vector_20
                0x00000378       0x52 src/ASF/xmega/drivers/tc45/tc45.o
                0x00000378                __vector_20
 .text.__vector_21
                0x000003ca       0x52 src/ASF/xmega/drivers/tc45/tc45.o
                0x000003ca                __vector_21
 .text.__vector_36
                0x0000041c       0x52 src/ASF/xmega/drivers/tc45/tc45.o
                0x0000041c                __vector_36
 .text.__vector_37
                0x0000046e       0x52 src/ASF/xmega/drivers/tc45/tc45.o
                0x0000046e                __vector_37
 .text.__vector_38
                0x000004c0       0x52 src/ASF/xmega/drivers/tc45/tc45.o
                0x000004c0                __vector_38
 .text.__vector_39
                0x00000512       0x52 src/ASF/xmega/drivers/tc45/tc45.o
                0x00000512                __vector_39
 .text.tc45_enable
                0x00000564       0x6e src/ASF/xmega/drivers/tc45/tc45.o
                0x00000564                tc45_enable
 .text.__vector_28
                0x000005d2       0x4e src/ASF/xmega/drivers/xcl/xcl.o
                0x000005d2                __vector_28
 .text.__vector_29
                0x00000620       0x4e src/ASF/xmega/drivers/xcl/xcl.o
                0x00000620                __vector_29
 .text.RF_init  0x0000066e       0x24 src/RF_SX1276/RF_Task.o
                0x0000066e                RF_init
 .text.Send_data
                0x00000692       0x68 src/RF_SX1276/RF_Task.o
                0x00000692                Send_data
 .text.RF_Task  0x000006fa       0x38 src/RF_SX1276/RF_Task.o
                0x000006fa                RF_Task
 .text.Check_status
                0x00000732       0x24 src/RF_SX1276/RF_Task.o
                0x00000732                Check_status
 .text.SX1276LoRaSetRFPower
                0x00000756       0x94 src/RF_SX1276/sx1276-Fchp.o
                0x00000756                SX1276LoRaSetRFPower
 .text.SX1276LoRaSetPAOutput
                0x000007ea       0x28 src/RF_SX1276/sx1276-Fchp.o
                0x000007ea                SX1276LoRaSetPAOutput
 .text.SX1276LoRaSetPa20dBm
                0x00000812       0x4e src/RF_SX1276/sx1276-Fchp.o
                0x00000812                SX1276LoRaSetPa20dBm
 .text.SX1276LoRaSetRFFrequency
                0x00000860       0x30 src/RF_SX1276/sx1276-Fchp.o
                0x00000860                SX1276LoRaSetRFFrequency
 .text.SX1276LoRaSetNbTrigPeaks
                0x00000890       0x28 src/RF_SX1276/sx1276-Fchp.o
                0x00000890                SX1276LoRaSetNbTrigPeaks
 .text.SX1276LoRaSetSpreadingFactor
                0x000008b8       0x50 src/RF_SX1276/sx1276-Fchp.o
                0x000008b8                SX1276LoRaSetSpreadingFactor
 .text.SX1276LoRaSetErrorCoding
                0x00000908       0x2a src/RF_SX1276/sx1276-Fchp.o
                0x00000908                SX1276LoRaSetErrorCoding
 .text.SX1276LoRaSetPacketCrcOn
                0x00000932       0x2c src/RF_SX1276/sx1276-Fchp.o
                0x00000932                SX1276LoRaSetPacketCrcOn
 .text.SX1276LoRaSetSignalBandwidth
                0x0000095e       0x2e src/RF_SX1276/sx1276-Fchp.o
                0x0000095e                SX1276LoRaSetSignalBandwidth
 .text.SX1276LoRaSetImplicitHeaderOn
                0x0000098c       0x28 src/RF_SX1276/sx1276-Fchp.o
                0x0000098c                SX1276LoRaSetImplicitHeaderOn
 .text.SX1276LoRaSetSymbTimeout
                0x000009b4       0x46 src/RF_SX1276/sx1276-Fchp.o
                0x000009b4                SX1276LoRaSetSymbTimeout
 .text.SX1276LoRaSetPayloadLength
                0x000009fa        0xc src/RF_SX1276/sx1276-Fchp.o
                0x000009fa                SX1276LoRaSetPayloadLength
 .text.SX1276LoRaSetLowDatarateOptimize
                0x00000a06       0x2e src/RF_SX1276/sx1276-Fchp.o
                0x00000a06                SX1276LoRaSetLowDatarateOptimize
 .text.SX1276InitIo
                0x00000a34       0xb6 src/RF_SX1276/sx1276-Hal.o
                0x00000a34                SX1276InitIo
 .text.SX1276SetReset
                0x00000aea       0x14 src/RF_SX1276/sx1276-Hal.o
                0x00000aea                SX1276SetReset
 .text.SX1276WriteBuffer
                0x00000afe       0x48 src/RF_SX1276/sx1276-Hal.o
                0x00000afe                SX1276WriteBuffer
 .text.SX1276Write
                0x00000b46       0x1e src/RF_SX1276/sx1276-Hal.o
                0x00000b46                SX1276Write
 .text.SX1276ReadBuffer
                0x00000b64       0x48 src/RF_SX1276/sx1276-Hal.o
                0x00000b64                SX1276ReadBuffer
 .text.SX1276Read
                0x00000bac        0x6 src/RF_SX1276/sx1276-Hal.o
                0x00000bac                SX1276Read
 .text.SX1276WriteFifo
                0x00000bb2        0xa src/RF_SX1276/sx1276-Hal.o
                0x00000bb2                SX1276WriteFifo
 .text.SX1276LoRaSetDefaults
                0x00000bbc       0x8e src/RF_SX1276/sx1276-LoRa.o
                0x00000bbc                SX1276LoRaSetDefaults
 .text.SX1276LoRaSetOpMode
                0x00000c4a       0x38 src/RF_SX1276/sx1276-LoRa.o
                0x00000c4a                SX1276LoRaSetOpMode
 .text.SX1276LoRaInit
                0x00000c82       0xd4 src/RF_SX1276/sx1276-LoRa.o
                0x00000c82                SX1276LoRaInit
 .text.SX1276Reset
                0x00000d56       0x28 src/RF_SX1276/sx1276.o
                0x00000d56                SX1276Reset
 .text.SX1276SetLoRaOn
                0x00000d7e       0x2c src/RF_SX1276/sx1276.o
                0x00000d7e                SX1276SetLoRaOn
 .text.SX1276Init
                0x00000daa       0xde src/RF_SX1276/sx1276.o
                0x00000daa                SX1276Init
 .text.spi_master_init
                0x00000e88       0x20 src/ASF/common/services/spi/xmega_spi/spi_master.o
                0x00000e88                spi_master_init
 .text.spi_master_setup_device
                0x00000ea8       0x3c src/ASF/common/services/spi/xmega_spi/spi_master.o
                0x00000ea8                spi_master_setup_device
 .text.spi_write_packet
                0x00000ee4       0x1e src/ASF/common/services/spi/xmega_spi/spi_master.o
                0x00000ee4                spi_write_packet
 .text.spi_read_packet
                0x00000f02       0x26 src/ASF/common/services/spi/xmega_spi/spi_master.o
                0x00000f02                spi_read_packet
 .text.spi_select_device
                0x00000f28       0x2c src/ASF/common/services/spi/xmega_spi/spi_master.o
                0x00000f28                spi_select_device
 .text.spi_deselect_device
                0x00000f54       0x2c src/ASF/common/services/spi/xmega_spi/spi_master.o
                0x00000f54                spi_deselect_device
 .text.adc_set_callback
                0x00000f80       0x18 src/ASF/xmega/drivers/adc/adc.o
                0x00000f80                adc_set_callback
 .text.adc_enable_clock
                0x00000f98       0x1e src/ASF/xmega/drivers/adc/adc.o
                0x00000f98                adc_enable_clock
 .text.adc_disable_clock
                0x00000fb6       0x1c src/ASF/xmega/drivers/adc/adc.o
                0x00000fb6                adc_disable_clock
 .text.adc_enable
                0x00000fd2       0x38 src/ASF/xmega/drivers/adc/adc.o
                0x00000fd2                adc_enable
 .text.adc_disable
                0x0000100a       0x30 src/ASF/xmega/drivers/adc/adc.o
                0x0000100a                adc_disable
 .text.__vector_34
                0x0000103a       0x5c src/ASF/xmega/drivers/adc/xmega_e/adc_e.o
                0x0000103a                __vector_34
 .text.adc_write_configuration
                0x00001096       0x7e src/ASF/xmega/drivers/adc/xmega_e/adc_e.o
                0x00001096                adc_write_configuration
 .text.adc_read_configuration
                0x00001114       0x44 src/ASF/xmega/drivers/adc/xmega_e/adc_e.o
                0x00001114                adc_read_configuration
 .text.adcch_write_configuration
                0x00001158       0x50 src/ASF/xmega/drivers/adc/xmega_e/adc_e.o
                0x00001158                adcch_write_configuration
 .text.adcch_read_configuration
                0x000011a8       0x50 src/ASF/xmega/drivers/adc/xmega_e/adc_e.o
                0x000011a8                adcch_read_configuration
 .text.ioport_configure_port_pin
                0x000011f8       0x50 src/ASF/common/services/ioport/xmega/ioport_compat.o
                0x000011f8                ioport_configure_port_pin
 .text.sysclk_init
                0x00001248       0x4e src/ASF/common/services/clock/xmega/sysclk.o
                0x00001248                sysclk_init
 .text.sysclk_enable_module
                0x00001296       0x18 src/ASF/common/services/clock/xmega/sysclk.o
                0x00001296                sysclk_enable_module
 .text.sysclk_disable_module
                0x000012ae       0x16 src/ASF/common/services/clock/xmega/sysclk.o
                0x000012ae                sysclk_disable_module
 .text.spi_xmega_set_baud_div
                0x000012c4       0x8e src/ASF/xmega/drivers/spi/spi.o
                0x000012c4                spi_xmega_set_baud_div
 .text.nvm_read_byte
                0x00001352       0x14 src/ASF/xmega/drivers/nvm/nvm_asm.o
                0x00001352                nvm_read_byte
 .text.ccp_write_io
                0x00001366        0xc src/ASF/xmega/drivers/cpu/ccp.o
                0x00001366                ccp_write_io
 .text.board_init
                0x00001372       0xfa src/ASF/common/boards/user_board/init.o
                0x00001372                board_init
 .text.adc_init
                0x0000146c       0xde src/main.o
 .text.adc_handler
                0x0000154a       0xd2 src/main.o
 .text.__vector_9
                0x0000161c       0x62 src/main.o
                0x0000161c                __vector_9
 .text.main     0x0000167e      0x198 src/main.o
                0x0000167e                main
 .text.avr-libc.fplib
                0x00001816        0x4 c:/program files (x86)/atmel/studio/7.0/toolchain/avr8/avr8-gnu-toolchain/bin/../lib/gcc/avr/4.9.2/../../../../avr/lib/avrxmega2\libm.a(divsf3.o)
                0x00001816                __divsf3
 .text.avr-libc.fplib
                0x0000181a       0xcc c:/program files (x86)/atmel/studio/7.0/toolchain/avr8/avr8-gnu-toolchain/bin/../lib/gcc/avr/4.9.2/../../../../avr/lib/avrxmega2\libm.a(divsf3x.o)
                0x00001830                __divsf3x
                0x00001834                __divsf3_pse
 .text.avr-libc.fplib
                0x000018e6       0x58 c:/program files (x86)/atmel/studio/7.0/toolchain/avr8/avr8-gnu-toolchain/bin/../lib/gcc/avr/4.9.2/../../../../avr/lib/avrxmega2\libm.a(fixunssfsi.o)
                0x000018e6                __fixunssfsi
 .text.avr-libc.fplib
                0x0000193e       0x7a c:/program files (x86)/atmel/studio/7.0/toolchain/avr8/avr8-gnu-toolchain/bin/../lib/gcc/avr/4.9.2/../../../../avr/lib/avrxmega2\libm.a(floatsisf.o)
                0x0000193e                __floatunsisf
                0x00001942                __floatsisf
 .text.avr-libc.fplib
                0x000019b8        0xc c:/program files (x86)/atmel/studio/7.0/toolchain/avr8/avr8-gnu-toolchain/bin/../lib/gcc/avr/4.9.2/../../../../avr/lib/avrxmega2\libm.a(fp_inf.o)
                0x000019b8                __fp_inf
 .text.avr-libc.fplib
                0x000019c4        0x6 c:/program files (x86)/atmel/studio/7.0/toolchain/avr8/avr8-gnu-toolchain/bin/../lib/gcc/avr/4.9.2/../../../../avr/lib/avrxmega2\libm.a(fp_nan.o)
                0x000019c4                __fp_nan
 .text.avr-libc.fplib
                0x000019ca        0xe c:/program files (x86)/atmel/studio/7.0/toolchain/avr8/avr8-gnu-toolchain/bin/../lib/gcc/avr/4.9.2/../../../../avr/lib/avrxmega2\libm.a(fp_pscA.o)
                0x000019ca                __fp_pscA
 .text.avr-libc.fplib
                0x000019d8        0xe c:/program files (x86)/atmel/studio/7.0/toolchain/avr8/avr8-gnu-toolchain/bin/../lib/gcc/avr/4.9.2/../../../../avr/lib/avrxmega2\libm.a(fp_pscB.o)
                0x000019d8                __fp_pscB
 .text.avr-libc.fplib
                0x000019e6       0x22 c:/program files (x86)/atmel/studio/7.0/toolchain/avr8/avr8-gnu-toolchain/bin/../lib/gcc/avr/4.9.2/../../../../avr/lib/avrxmega2\libm.a(fp_round.o)
                0x000019e6                __fp_round
 .text.avr-libc.fplib
                0x00001a08       0x44 c:/program files (x86)/atmel/studio/7.0/toolchain/avr8/avr8-gnu-toolchain/bin/../lib/gcc/avr/4.9.2/../../../../avr/lib/avrxmega2\libm.a(fp_split3.o)
                0x00001a08                __fp_split3
                0x00001a18                __fp_splitA
 .text.avr-libc.fplib
                0x00001a4c        0xe c:/program files (x86)/atmel/studio/7.0/toolchain/avr8/avr8-gnu-toolchain/bin/../lib/gcc/avr/4.9.2/../../../../avr/lib/avrxmega2\libm.a(fp_zero.o)
                0x00001a4c                __fp_zero
                0x00001a4e                __fp_szero
 .text.libgcc.div
                0x00001a5a       0x44 c:/program files (x86)/atmel/studio/7.0/toolchain/avr8/avr8-gnu-toolchain/bin/../lib/gcc/avr/4.9.2/avrxmega2\libgcc.a(_udivmodsi4.o)
                0x00001a5a                __udivmodsi4
                0x00001a9e                . = ALIGN (0x2)
 *(.fini9)
 .fini9         0x00001a9e        0x0 c:/program files (x86)/atmel/studio/7.0/toolchain/avr8/avr8-gnu-toolchain/bin/../lib/gcc/avr/4.9.2/avrxmega2\libgcc.a(_exit.o)
                0x00001a9e                _exit
                0x00001a9e                exit
 *(.fini9)
 *(.fini8)
 *(.fini8)
 *(.fini7)
 *(.fini7)
 *(.fini6)
 *(.fini6)
 *(.fini5)
 *(.fini5)
 *(.fini4)
 *(.fini4)
 *(.fini3)
 *(.fini3)
 *(.fini2)
 *(.fini2)
 *(.fini1)
 *(.fini1)
 *(.fini0)
 .fini0         0x00001a9e        0x4 c:/program files (x86)/atmel/studio/7.0/toolchain/avr8/avr8-gnu-toolchain/bin/../lib/gcc/avr/4.9.2/avrxmega2\libgcc.a(_exit.o)
 *(.fini0)
                0x00001aa2                _etext = .

.data           0x00802000       0x1c load address 0x00001aa2
                0x00802000                PROVIDE (__data_start, .)
 *(.data)
 *(.data*)
 .data.spi_device_conf
                0x00802000        0x1 src/RF_SX1276/sx1276-Hal.o
                0x00802000                spi_device_conf
 .data.opModePrev.6767
                0x00802001        0x1 src/RF_SX1276/sx1276-LoRa.o
 .data.LoRaSettings
                0x00802002       0x16 src/RF_SX1276/sx1276-LoRa.o
                0x00802002                LoRaSettings
 .data.TaskState
                0x00802018        0x3 src/main.o
                0x00802018                TaskState
 *(.rodata)
 *(.rodata*)
 *(.gnu.linkonce.d*)
                0x0080201c                . = ALIGN (0x2)
 *fill*         0x0080201b        0x1 
                0x0080201c                _edata = .
                0x0080201c                PROVIDE (__data_end, .)

.bss            0x0080201c      0x1cd
                0x0080201c                PROVIDE (__bss_start, .)
 *(.bss)
 *(.bss*)
 .bss.tc45_tcd5_ccb_callback
                0x0080201c        0x2 src/ASF/xmega/drivers/tc45/tc45.o
 .bss.tc45_tcd5_cca_callback
                0x0080201e        0x2 src/ASF/xmega/drivers/tc45/tc45.o
 .bss.tc45_tcd5_err_callback
                0x00802020        0x2 src/ASF/xmega/drivers/tc45/tc45.o
 .bss.tc45_tcd5_ovf_callback
                0x00802022        0x2 src/ASF/xmega/drivers/tc45/tc45.o
 .bss.tc45_tcc5_ccb_callback
                0x00802024        0x2 src/ASF/xmega/drivers/tc45/tc45.o
 .bss.tc45_tcc5_cca_callback
                0x00802026        0x2 src/ASF/xmega/drivers/tc45/tc45.o
 .bss.tc45_tcc5_err_callback
                0x00802028        0x2 src/ASF/xmega/drivers/tc45/tc45.o
 .bss.tc45_tcc5_ovf_callback
                0x0080202a        0x2 src/ASF/xmega/drivers/tc45/tc45.o
 .bss.tc45_tcc4_ccd_callback
                0x0080202c        0x2 src/ASF/xmega/drivers/tc45/tc45.o
 .bss.tc45_tcc4_ccc_callback
                0x0080202e        0x2 src/ASF/xmega/drivers/tc45/tc45.o
 .bss.tc45_tcc4_ccb_callback
                0x00802030        0x2 src/ASF/xmega/drivers/tc45/tc45.o
 .bss.tc45_tcc4_cca_callback
                0x00802032        0x2 src/ASF/xmega/drivers/tc45/tc45.o
 .bss.tc45_tcc4_err_callback
                0x00802034        0x2 src/ASF/xmega/drivers/tc45/tc45.o
 .bss.tc45_tcc4_ovf_callback
                0x00802036        0x2 src/ASF/xmega/drivers/tc45/tc45.o
 .bss.xcl_cc_callback
                0x00802038        0x2 src/ASF/xmega/drivers/xcl/xcl.o
 .bss.xcl_unf_callback
                0x0080203a        0x2 src/ASF/xmega/drivers/xcl/xcl.o
 .bss.adca_enable_count
                0x0080203c        0x1 src/ASF/xmega/drivers/adc/adc.o
 .bss.counter.6291
                0x0080203d        0x2 src/main.o
 .bss.Suma.6290
                0x0080203f        0xa src/main.o
 .bss.mux.6292  0x00802049        0x1 src/main.o
 *(COMMON)
 COMMON         0x0080204a       0x6f src/RF_SX1276/sx1276-LoRa.o
                0x0080204a                SX1276LR
 COMMON         0x008020b9        0x2 src/ASF/xmega/drivers/adc/adc.o
                0x008020b9                adca_callback
 COMMON         0x008020bb        0x6 src/ASF/common/services/sleepmgr/xmega/sleepmgr.o
                0x008020bb                sleepmgr_locks
 COMMON         0x008020c1      0x128 src/main.o
                0x008020c1                ch1_result
                0x008020c3                Tx_running
                0x008020c4                ch2_result
                0x008020c6                ch4_result_batt
                0x008020c8                DataForTask
                0x0080219f                ch0_result
                0x008021a1                GL_Temp_data
                0x008021e7                ch3_result
                0x008021e9                PROVIDE (__bss_end, .)
                0x00001aa2                __data_load_start = LOADADDR (.data)
                0x00001abe                __data_load_end = (__data_load_start + SIZEOF (.data))

.noinit         0x008021e9        0x0
                0x008021e9                PROVIDE (__noinit_start, .)
 *(.noinit*)
                0x008021e9                PROVIDE (__noinit_end, .)
                0x008021e9                _end = .
                0x008021e9                PROVIDE (__heap_start, .)

.eeprom         0x00810000        0x0
 *(.eeprom*)
                0x00810000                __eeprom_end = .

.fuse
 *(.fuse)
 *(.lfuse)
 *(.hfuse)
 *(.efuse)

.lock
 *(.lock*)

.signature
 *(.signature*)

.user_signatures
 *(.user_signatures*)

.stab
 *(.stab)

.stabstr
 *(.stabstr)

.stab.excl
 *(.stab.excl)

.stab.exclstr
 *(.stab.exclstr)

.stab.index
 *(.stab.index)

.stab.indexstr
 *(.stab.indexstr)

.comment        0x00000000       0x30
 *(.comment)
 .comment       0x00000000       0x30 src/ASF/xmega/drivers/tc45/tc45.o
                                 0x31 (size before relaxing)
 .comment       0x00000030       0x31 src/ASF/xmega/drivers/xcl/xcl.o
 .comment       0x00000030       0x31 src/RF_SX1276/RF_Task.o
 .comment       0x00000030       0x31 src/RF_SX1276/sx1276-Fchp.o
 .comment       0x00000030       0x31 src/RF_SX1276/sx1276-Hal.o
 .comment       0x00000030       0x31 src/RF_SX1276/sx1276-LoRa.o
 .comment       0x00000030       0x31 src/RF_SX1276/sx1276.o
 .comment       0x00000030       0x31 src/ASF/common/services/spi/xmega_spi/spi_master.o
 .comment       0x00000030       0x31 src/ASF/xmega/drivers/adc/adc.o
 .comment       0x00000030       0x31 src/ASF/xmega/drivers/adc/xmega_e/adc_e.o
 .comment       0x00000030       0x31 src/ASF/common/services/sleepmgr/xmega/sleepmgr.o
 .comment       0x00000030       0x31 src/ASF/common/services/ioport/xmega/ioport_compat.o
 .comment       0x00000030       0x31 src/ASF/common/services/clock/xmega/sysclk.o
 .comment       0x00000030       0x31 src/ASF/xmega/drivers/spi/spi.o
 .comment       0x00000030       0x31 src/ASF/common/boards/user_board/init.o
 .comment       0x00000030       0x31 src/main.o

.note.gnu.avr.deviceinfo
                0x00000000       0x40
 .note.gnu.avr.deviceinfo
                0x00000000       0x40 C:/Program Files (x86)/Atmel/Studio/7.0/Packs/atmel/XMEGAE_DFP/1.0.30/gcc/dev/atxmega32e5/avrxmega2/crtatxmega32e5.o

.note.gnu.build-id
 *(.note.gnu.build-id)

.debug
 *(.debug)

.line
 *(.line)

.debug_srcinfo
 *(.debug_srcinfo)

.debug_sfnames
 *(.debug_sfnames)

.debug_aranges  0x00000000      0x558
 *(.debug_aranges)
 .debug_aranges
                0x00000000       0xc8 src/ASF/xmega/drivers/tc45/tc45.o
 .debug_aranges
                0x000000c8       0x40 src/ASF/xmega/drivers/xcl/xcl.o
 .debug_aranges
                0x00000108       0x40 src/RF_SX1276/RF_Task.o
 .debug_aranges
                0x00000148       0x88 src/RF_SX1276/sx1276-Fchp.o
 .debug_aranges
                0x000001d0       0x98 src/RF_SX1276/sx1276-Hal.o
 .debug_aranges
                0x00000268       0x58 src/RF_SX1276/sx1276-LoRa.o
 .debug_aranges
                0x000002c0       0xa0 src/RF_SX1276/sx1276.o
 .debug_aranges
                0x00000360       0x48 src/ASF/common/services/spi/xmega_spi/spi_master.o
 .debug_aranges
                0x000003a8       0x48 src/ASF/xmega/drivers/adc/adc.o
 .debug_aranges
                0x000003f0       0x40 src/ASF/xmega/drivers/adc/xmega_e/adc_e.o
 .debug_aranges
                0x00000430       0x18 src/ASF/common/services/sleepmgr/xmega/sleepmgr.o
 .debug_aranges
                0x00000448       0x20 src/ASF/common/services/ioport/xmega/ioport_compat.o
 .debug_aranges
                0x00000468       0x30 src/ASF/common/services/clock/xmega/sysclk.o
 .debug_aranges
                0x00000498       0x20 src/ASF/xmega/drivers/spi/spi.o
 .debug_aranges
                0x000004b8       0x28 src/ASF/xmega/drivers/nvm/nvm_asm.o
 .debug_aranges
                0x000004e0       0x20 src/ASF/xmega/drivers/cpu/ccp.o
 .debug_aranges
                0x00000500       0x20 src/ASF/common/boards/user_board/init.o
 .debug_aranges
                0x00000520       0x38 src/main.o

.debug_pubnames
 *(.debug_pubnames)

.debug_info     0x00000000     0xfe04
 *(.debug_info .gnu.linkonce.wi.*)
 .debug_info    0x00000000     0x176e src/ASF/xmega/drivers/tc45/tc45.o
 .debug_info    0x0000176e     0x20fe src/ASF/xmega/drivers/xcl/xcl.o
 .debug_info    0x0000386c      0xfea src/RF_SX1276/RF_Task.o
 .debug_info    0x00004856      0xc47 src/RF_SX1276/sx1276-Fchp.o
 .debug_info    0x0000549d     0x1482 src/RF_SX1276/sx1276-Hal.o
 .debug_info    0x0000691f     0x103b src/RF_SX1276/sx1276-LoRa.o
 .debug_info    0x0000795a     0x1ea1 src/RF_SX1276/sx1276.o
 .debug_info    0x000097fb      0xba4 src/ASF/common/services/spi/xmega_spi/spi_master.o
 .debug_info    0x0000a39f      0xa7b src/ASF/xmega/drivers/adc/adc.o
 .debug_info    0x0000ae1a      0xc5e src/ASF/xmega/drivers/adc/xmega_e/adc_e.o
 .debug_info    0x0000ba78      0x121 src/ASF/common/services/sleepmgr/xmega/sleepmgr.o
 .debug_info    0x0000bb99      0x11d src/ASF/common/services/ioport/xmega/ioport_compat.o
 .debug_info    0x0000bcb6      0x690 src/ASF/common/services/clock/xmega/sysclk.o
 .debug_info    0x0000c346      0x1c8 src/ASF/xmega/drivers/spi/spi.o
 .debug_info    0x0000c50e       0x8b src/ASF/xmega/drivers/nvm/nvm_asm.o
 .debug_info    0x0000c599       0x8b src/ASF/xmega/drivers/cpu/ccp.o
 .debug_info    0x0000c624      0xc5d src/ASF/common/boards/user_board/init.o
 .debug_info    0x0000d281     0x2b83 src/main.o

.debug_abbrev   0x00000000     0x257f
 *(.debug_abbrev)
 .debug_abbrev  0x00000000      0x2c6 src/ASF/xmega/drivers/tc45/tc45.o
 .debug_abbrev  0x000002c6      0x253 src/ASF/xmega/drivers/xcl/xcl.o
 .debug_abbrev  0x00000519      0x2dd src/RF_SX1276/RF_Task.o
 .debug_abbrev  0x000007f6      0x181 src/RF_SX1276/sx1276-Fchp.o
 .debug_abbrev  0x00000977      0x30e src/RF_SX1276/sx1276-Hal.o
 .debug_abbrev  0x00000c85      0x278 src/RF_SX1276/sx1276-LoRa.o
 .debug_abbrev  0x00000efd      0x37a src/RF_SX1276/sx1276.o
 .debug_abbrev  0x00001277      0x28f src/ASF/common/services/spi/xmega_spi/spi_master.o
 .debug_abbrev  0x00001506      0x2ac src/ASF/xmega/drivers/adc/adc.o
 .debug_abbrev  0x000017b2      0x2e3 src/ASF/xmega/drivers/adc/xmega_e/adc_e.o
 .debug_abbrev  0x00001a95       0x80 src/ASF/common/services/sleepmgr/xmega/sleepmgr.o
 .debug_abbrev  0x00001b15       0x93 src/ASF/common/services/ioport/xmega/ioport_compat.o
 .debug_abbrev  0x00001ba8      0x25f src/ASF/common/services/clock/xmega/sysclk.o
 .debug_abbrev  0x00001e07       0xf6 src/ASF/xmega/drivers/spi/spi.o
 .debug_abbrev  0x00001efd       0x12 src/ASF/xmega/drivers/nvm/nvm_asm.o
 .debug_abbrev  0x00001f0f       0x14 src/ASF/xmega/drivers/cpu/ccp.o
 .debug_abbrev  0x00001f23      0x226 src/ASF/common/boards/user_board/init.o
 .debug_abbrev  0x00002149      0x436 src/main.o

.debug_line     0x00000000     0x9415
 *(.debug_line .debug_line.* .debug_line_end)
 .debug_line    0x00000000      0xd94 src/ASF/xmega/drivers/tc45/tc45.o
 .debug_line    0x00000d94      0x72d src/ASF/xmega/drivers/xcl/xcl.o
 .debug_line    0x000014c1      0xb11 src/RF_SX1276/RF_Task.o
 .debug_line    0x00001fd2      0xc7a src/RF_SX1276/sx1276-Fchp.o
 .debug_line    0x00002c4c      0xbeb src/RF_SX1276/sx1276-Hal.o
 .debug_line    0x00003837      0xc47 src/RF_SX1276/sx1276-LoRa.o
 .debug_line    0x0000447e      0xc6c src/RF_SX1276/sx1276.o
 .debug_line    0x000050ea      0x762 src/ASF/common/services/spi/xmega_spi/spi_master.o
 .debug_line    0x0000584c      0x75f src/ASF/xmega/drivers/adc/adc.o
 .debug_line    0x00005fab      0x837 src/ASF/xmega/drivers/adc/xmega_e/adc_e.o
 .debug_line    0x000067e2      0x454 src/ASF/common/services/sleepmgr/xmega/sleepmgr.o
 .debug_line    0x00006c36      0x4b1 src/ASF/common/services/ioport/xmega/ioport_compat.o
 .debug_line    0x000070e7      0x5aa src/ASF/common/services/clock/xmega/sysclk.o
 .debug_line    0x00007691      0x4f5 src/ASF/xmega/drivers/spi/spi.o
 .debug_line    0x00007b86      0x11f src/ASF/xmega/drivers/nvm/nvm_asm.o
 .debug_line    0x00007ca5       0x6e src/ASF/xmega/drivers/cpu/ccp.o
 .debug_line    0x00007d13      0xa43 src/ASF/common/boards/user_board/init.o
 .debug_line    0x00008756      0xcbf src/main.o

.debug_frame    0x00000000     0x103c
 *(.debug_frame)
 .debug_frame   0x00000000      0x574 src/ASF/xmega/drivers/tc45/tc45.o
 .debug_frame   0x00000574       0xf4 src/ASF/xmega/drivers/xcl/xcl.o
 .debug_frame   0x00000668       0x8c src/RF_SX1276/RF_Task.o
 .debug_frame   0x000006f4      0x1d4 src/RF_SX1276/sx1276-Fchp.o
 .debug_frame   0x000008c8      0x16c src/RF_SX1276/sx1276-Hal.o
 .debug_frame   0x00000a34       0xc8 src/RF_SX1276/sx1276-LoRa.o
 .debug_frame   0x00000afc      0x130 src/RF_SX1276/sx1276.o
 .debug_frame   0x00000c2c       0x9c src/ASF/common/services/spi/xmega_spi/spi_master.o
 .debug_frame   0x00000cc8       0x8c src/ASF/xmega/drivers/adc/adc.o
 .debug_frame   0x00000d54      0x124 src/ASF/xmega/drivers/adc/xmega_e/adc_e.o
 .debug_frame   0x00000e78       0x30 src/ASF/common/services/ioport/xmega/ioport_compat.o
 .debug_frame   0x00000ea8       0x44 src/ASF/common/services/clock/xmega/sysclk.o
 .debug_frame   0x00000eec       0x4c src/ASF/xmega/drivers/spi/spi.o
 .debug_frame   0x00000f38       0x34 src/ASF/common/boards/user_board/init.o
 .debug_frame   0x00000f6c       0xd0 src/main.o

.debug_str      0x00000000    0x30476
 *(.debug_str)
 .debug_str     0x00000000    0x2a1cf src/ASF/xmega/drivers/tc45/tc45.o
                              0x2a730 (size before relaxing)
 .debug_str     0x0002a1cf      0x6a1 src/ASF/xmega/drivers/xcl/xcl.o
                              0x290a9 (size before relaxing)
 .debug_str     0x0002a870     0x34c5 src/RF_SX1276/RF_Task.o
                              0x2d330 (size before relaxing)
 .debug_str     0x0002dd35      0x1c5 src/RF_SX1276/sx1276-Fchp.o
                              0x2c9df (size before relaxing)
 .debug_str     0x0002defa      0x4d6 src/RF_SX1276/sx1276-Hal.o
                              0x2a333 (size before relaxing)
 .debug_str     0x0002e3d0      0x58f src/RF_SX1276/sx1276-LoRa.o
                              0x2d74e (size before relaxing)
 .debug_str     0x0002e95f      0x4b9 src/RF_SX1276/sx1276.o
                              0x2d508 (size before relaxing)
 .debug_str     0x0002ee18       0xad src/ASF/common/services/spi/xmega_spi/spi_master.o
                              0x28af3 (size before relaxing)
 .debug_str     0x0002eec5      0x2eb src/ASF/xmega/drivers/adc/adc.o
                              0x28daf (size before relaxing)
 .debug_str     0x0002f1b0      0x577 src/ASF/xmega/drivers/adc/xmega_e/adc_e.o
                              0x28ef7 (size before relaxing)
 .debug_str     0x0002f727       0x35 src/ASF/common/services/sleepmgr/xmega/sleepmgr.o
                              0x26b1b (size before relaxing)
 .debug_str     0x0002f75c       0x41 src/ASF/common/services/ioport/xmega/ioport_compat.o
                              0x26de0 (size before relaxing)
 .debug_str     0x0002f79d      0x13e src/ASF/common/services/clock/xmega/sysclk.o
                              0x280fe (size before relaxing)
 .debug_str     0x0002f8db       0xba src/ASF/xmega/drivers/spi/spi.o
                              0x26e65 (size before relaxing)
 .debug_str     0x0002f995      0x100 src/ASF/common/boards/user_board/init.o
                              0x29ad4 (size before relaxing)
 .debug_str     0x0002fa95      0x9e1 src/main.o
                              0x2b56d (size before relaxing)

.debug_loc      0x00000000     0x3d0d
 *(.debug_loc)
 .debug_loc     0x00000000      0xcf4 src/ASF/xmega/drivers/tc45/tc45.o
 .debug_loc     0x00000cf4      0x312 src/ASF/xmega/drivers/xcl/xcl.o
 .debug_loc     0x00001006      0x28c src/RF_SX1276/RF_Task.o
 .debug_loc     0x00001292      0x959 src/RF_SX1276/sx1276-Fchp.o
 .debug_loc     0x00001beb      0x517 src/RF_SX1276/sx1276-Hal.o
 .debug_loc     0x00002102      0x15c src/RF_SX1276/sx1276-LoRa.o
 .debug_loc     0x0000225e      0x4ca src/RF_SX1276/sx1276.o
 .debug_loc     0x00002728      0x517 src/ASF/common/services/spi/xmega_spi/spi_master.o
 .debug_loc     0x00002c3f      0x1be src/ASF/xmega/drivers/adc/adc.o
 .debug_loc     0x00002dfd      0x593 src/ASF/xmega/drivers/adc/xmega_e/adc_e.o
 .debug_loc     0x00003390       0x66 src/ASF/common/services/ioport/xmega/ioport_compat.o
 .debug_loc     0x000033f6      0x183 src/ASF/common/services/clock/xmega/sysclk.o
 .debug_loc     0x00003579      0x105 src/ASF/xmega/drivers/spi/spi.o
 .debug_loc     0x0000367e      0x134 src/ASF/common/boards/user_board/init.o
 .debug_loc     0x000037b2      0x55b src/main.o

.debug_macinfo
 *(.debug_macinfo)

.debug_weaknames
 *(.debug_weaknames)

.debug_funcnames
 *(.debug_funcnames)

.debug_typenames
 *(.debug_typenames)

.debug_varnames
 *(.debug_varnames)

.debug_pubtypes
 *(.debug_pubtypes)

.debug_ranges   0x00000000      0x458
 *(.debug_ranges)
 .debug_ranges  0x00000000       0xb8 src/ASF/xmega/drivers/tc45/tc45.o
 .debug_ranges  0x000000b8       0x30 src/ASF/xmega/drivers/xcl/xcl.o
 .debug_ranges  0x000000e8       0x30 src/RF_SX1276/RF_Task.o
 .debug_ranges  0x00000118       0x78 src/RF_SX1276/sx1276-Fchp.o
 .debug_ranges  0x00000190       0x88 src/RF_SX1276/sx1276-Hal.o
 .debug_ranges  0x00000218       0x48 src/RF_SX1276/sx1276-LoRa.o
 .debug_ranges  0x00000260       0xc0 src/RF_SX1276/sx1276.o
 .debug_ranges  0x00000320       0x38 src/ASF/common/services/spi/xmega_spi/spi_master.o
 .debug_ranges  0x00000358       0x38 src/ASF/xmega/drivers/adc/adc.o
 .debug_ranges  0x00000390       0x30 src/ASF/xmega/drivers/adc/xmega_e/adc_e.o
 .debug_ranges  0x000003c0       0x10 src/ASF/common/services/ioport/xmega/ioport_compat.o
 .debug_ranges  0x000003d0       0x20 src/ASF/common/services/clock/xmega/sysclk.o
 .debug_ranges  0x000003f0       0x10 src/ASF/xmega/drivers/spi/spi.o
 .debug_ranges  0x00000400       0x20 src/ASF/xmega/drivers/nvm/nvm_asm.o
 .debug_ranges  0x00000420       0x10 src/ASF/common/boards/user_board/init.o
 .debug_ranges  0x00000430       0x28 src/main.o

.debug_macro    0x00000000     0xceb4
 *(.debug_macro)
 .debug_macro   0x00000000      0x343 src/ASF/xmega/drivers/tc45/tc45.o
 .debug_macro   0x00000343      0xa5a src/ASF/xmega/drivers/tc45/tc45.o
 .debug_macro   0x00000d9d      0x1ad src/ASF/xmega/drivers/tc45/tc45.o
 .debug_macro   0x00000f4a       0x10 src/ASF/xmega/drivers/tc45/tc45.o
 .debug_macro   0x00000f5a      0x299 src/ASF/xmega/drivers/tc45/tc45.o
 .debug_macro   0x000011f3       0x9e src/ASF/xmega/drivers/tc45/tc45.o
 .debug_macro   0x00001291     0x62c8 src/ASF/xmega/drivers/tc45/tc45.o
 .debug_macro   0x00007559       0x9a src/ASF/xmega/drivers/tc45/tc45.o
 .debug_macro   0x000075f3       0xf1 src/ASF/xmega/drivers/tc45/tc45.o
 .debug_macro   0x000076e4       0x34 src/ASF/xmega/drivers/tc45/tc45.o
 .debug_macro   0x00007718       0x10 src/ASF/xmega/drivers/tc45/tc45.o
 .debug_macro   0x00007728       0x18 src/ASF/xmega/drivers/tc45/tc45.o
 .debug_macro   0x00007740       0x5e src/ASF/xmega/drivers/tc45/tc45.o
 .debug_macro   0x0000779e       0x10 src/ASF/xmega/drivers/tc45/tc45.o
 .debug_macro   0x000077ae       0x22 src/ASF/xmega/drivers/tc45/tc45.o
 .debug_macro   0x000077d0      0x166 src/ASF/xmega/drivers/tc45/tc45.o
 .debug_macro   0x00007936       0x1c src/ASF/xmega/drivers/tc45/tc45.o
 .debug_macro   0x00007952       0x35 src/ASF/xmega/drivers/tc45/tc45.o
 .debug_macro   0x00007987       0x66 src/ASF/xmega/drivers/tc45/tc45.o
 .debug_macro   0x000079ed      0x644 src/ASF/xmega/drivers/tc45/tc45.o
 .debug_macro   0x00008031       0x97 src/ASF/xmega/drivers/tc45/tc45.o
 .debug_macro   0x000080c8       0x17 src/ASF/xmega/drivers/tc45/tc45.o
 .debug_macro   0x000080df      0x250 src/ASF/xmega/drivers/tc45/tc45.o
 .debug_macro   0x0000832f       0x76 src/ASF/xmega/drivers/tc45/tc45.o
 .debug_macro   0x000083a5       0x16 src/ASF/xmega/drivers/tc45/tc45.o
 .debug_macro   0x000083bb      0x6e3 src/ASF/xmega/drivers/tc45/tc45.o
 .debug_macro   0x00008a9e       0x10 src/ASF/xmega/drivers/tc45/tc45.o
 .debug_macro   0x00008aae      0x175 src/ASF/xmega/drivers/tc45/tc45.o
 .debug_macro   0x00008c23       0x40 src/ASF/xmega/drivers/tc45/tc45.o
 .debug_macro   0x00008c63       0x69 src/ASF/xmega/drivers/tc45/tc45.o
 .debug_macro   0x00008ccc       0x32 src/ASF/xmega/drivers/tc45/tc45.o
 .debug_macro   0x00008cfe       0xe4 src/ASF/xmega/drivers/tc45/tc45.o
 .debug_macro   0x00008de2       0x10 src/ASF/xmega/drivers/tc45/tc45.o
 .debug_macro   0x00008df2       0x20 src/ASF/xmega/drivers/tc45/tc45.o
 .debug_macro   0x00008e12       0x10 src/ASF/xmega/drivers/tc45/tc45.o
 .debug_macro   0x00008e22       0x42 src/ASF/xmega/drivers/tc45/tc45.o
 .debug_macro   0x00008e64       0x1c src/ASF/xmega/drivers/tc45/tc45.o
 .debug_macro   0x00008e80      0x2aa src/ASF/xmega/drivers/tc45/tc45.o
 .debug_macro   0x0000912a       0x88 src/ASF/xmega/drivers/tc45/tc45.o
 .debug_macro   0x000091b2       0x6e src/ASF/xmega/drivers/tc45/tc45.o
 .debug_macro   0x00009220       0x2f src/ASF/xmega/drivers/tc45/tc45.o
 .debug_macro   0x0000924f      0x169 src/ASF/xmega/drivers/tc45/tc45.o
 .debug_macro   0x000093b8       0xe2 src/ASF/xmega/drivers/tc45/tc45.o
 .debug_macro   0x0000949a       0x34 src/ASF/xmega/drivers/tc45/tc45.o
 .debug_macro   0x000094ce       0x28 src/ASF/xmega/drivers/tc45/tc45.o
 .debug_macro   0x000094f6       0x23 src/ASF/xmega/drivers/tc45/tc45.o
 .debug_macro   0x00009519       0x7c src/ASF/xmega/drivers/tc45/tc45.o
 .debug_macro   0x00009595      0x10f src/ASF/xmega/drivers/tc45/tc45.o
 .debug_macro   0x000096a4       0x40 src/ASF/xmega/drivers/tc45/tc45.o
 .debug_macro   0x000096e4       0x2e src/ASF/xmega/drivers/tc45/tc45.o
 .debug_macro   0x00009712       0x3a src/ASF/xmega/drivers/tc45/tc45.o
 .debug_macro   0x0000974c       0x10 src/ASF/xmega/drivers/tc45/tc45.o
 .debug_macro   0x0000975c       0x5a src/ASF/xmega/drivers/tc45/tc45.o
 .debug_macro   0x000097b6      0x23d src/ASF/xmega/drivers/xcl/xcl.o
 .debug_macro   0x000099f3      0x3a0 src/RF_SX1276/RF_Task.o
 .debug_macro   0x00009d93       0x40 src/RF_SX1276/RF_Task.o
 .debug_macro   0x00009dd3       0x3a src/RF_SX1276/RF_Task.o
 .debug_macro   0x00009e0d      0xa6b src/RF_SX1276/RF_Task.o
 .debug_macro   0x0000a878      0x387 src/RF_SX1276/sx1276-Fchp.o
 .debug_macro   0x0000abff      0x358 src/RF_SX1276/sx1276-Hal.o
 .debug_macro   0x0000af57      0x2a4 src/RF_SX1276/sx1276-Hal.o
 .debug_macro   0x0000b1fb      0x3d1 src/RF_SX1276/sx1276-LoRa.o
 .debug_macro   0x0000b5cc      0x160 src/RF_SX1276/sx1276-LoRa.o
 .debug_macro   0x0000b72c      0x37d src/RF_SX1276/sx1276.o
 .debug_macro   0x0000baa9      0x22f src/ASF/common/services/spi/xmega_spi/spi_master.o
 .debug_macro   0x0000bcd8      0x239 src/ASF/xmega/drivers/adc/adc.o
 .debug_macro   0x0000bf11      0x239 src/ASF/xmega/drivers/adc/xmega_e/adc_e.o
 .debug_macro   0x0000c14a      0x1a3 src/ASF/common/services/sleepmgr/xmega/sleepmgr.o
 .debug_macro   0x0000c2ed      0x193 src/ASF/common/services/ioport/xmega/ioport_compat.o
 .debug_macro   0x0000c480      0x1dc src/ASF/common/services/clock/xmega/sysclk.o
 .debug_macro   0x0000c65c      0x1a7 src/ASF/xmega/drivers/spi/spi.o
 .debug_macro   0x0000c803      0x349 src/ASF/common/boards/user_board/init.o
 .debug_macro   0x0000cb4c      0x368 src/main.o
OUTPUT(TX_quadro.elf elf32-avr)
LOAD linker stubs
